17:58:03 **** Incremental Build of configuration Release for project Workspace ****
make all 
Building file: ../startup/startup_stm32f407xx.s
Invoking: MCU GCC Assembler
C:\Users\jdrqu\Documents\Ingeniería Biomédica Tec\10° Semestre\Imageneología médica\Tomógrafo\STM32\Workspace\Release
arm-none-eabi-as -mcpu=cortex-m4 -mthumb -mfloat-abi=hard -mfpu=fpv4-sp-d16 -o "startup/startup_stm32f407xx.o" "../startup/startup_stm32f407xx.s"
Finished building: ../startup/startup_stm32f407xx.s
 
Building file: ../Src/DWT_Delay.c
Invoking: MCU GCC Compiler
C:\Users\jdrqu\Documents\Ingeniería Biomédica Tec\10° Semestre\Imageneología médica\Tomógrafo\STM32\Workspace\Release
arm-none-eabi-gcc -mcpu=cortex-m4 -mthumb -mfloat-abi=hard -mfpu=fpv4-sp-d16 '-D__weak=__attribute__((weak))' '-D__packed=__attribute__((__packed__))' -DUSE_HAL_DRIVER -DSTM32F407xx -I"C:/Users/jdrqu/Documents/Ingeniería Biomédica Tec/10° Semestre/Imageneología médica/Tomógrafo/STM32/Workspace/Inc" -I"C:/Users/jdrqu/Documents/Ingeniería Biomédica Tec/10° Semestre/Imageneología médica/Tomógrafo/STM32/Workspace/Drivers/STM32F4xx_HAL_Driver/Inc" -I"C:/Users/jdrqu/Documents/Ingeniería Biomédica Tec/10° Semestre/Imageneología médica/Tomógrafo/STM32/Workspace/Drivers/STM32F4xx_HAL_Driver/Inc/Legacy" -I"C:/Users/jdrqu/Documents/Ingeniería Biomédica Tec/10° Semestre/Imageneología médica/Tomógrafo/STM32/Workspace/Drivers/CMSIS/Device/ST/STM32F4xx/Include" -I"C:/Users/jdrqu/Documents/Ingeniería Biomédica Tec/10° Semestre/Imageneología médica/Tomógrafo/STM32/Workspace/Drivers/CMSIS/Include"  -Og -g3 -Wall -fmessage-length=0 -ffunction-sections -c -fmessage-length=0 -MMD -MP -MF"Src/DWT_Delay.d" -MT"Src/DWT_Delay.o" -o "Src/DWT_Delay.o" "../Src/DWT_Delay.c"
Finished building: ../Src/DWT_Delay.c
 
Building file: ../Src/STEPPER.c
Invoking: MCU GCC Compiler
C:\Users\jdrqu\Documents\Ingeniería Biomédica Tec\10° Semestre\Imageneología médica\Tomógrafo\STM32\Workspace\Release
arm-none-eabi-gcc -mcpu=cortex-m4 -mthumb -mfloat-abi=hard -mfpu=fpv4-sp-d16 '-D__weak=__attribute__((weak))' '-D__packed=__attribute__((__packed__))' -DUSE_HAL_DRIVER -DSTM32F407xx -I"C:/Users/jdrqu/Documents/Ingeniería Biomédica Tec/10° Semestre/Imageneología médica/Tomógrafo/STM32/Workspace/Inc" -I"C:/Users/jdrqu/Documents/Ingeniería Biomédica Tec/10° Semestre/Imageneología médica/Tomógrafo/STM32/Workspace/Drivers/STM32F4xx_HAL_Driver/Inc" -I"C:/Users/jdrqu/Documents/Ingeniería Biomédica Tec/10° Semestre/Imageneología médica/Tomógrafo/STM32/Workspace/Drivers/STM32F4xx_HAL_Driver/Inc/Legacy" -I"C:/Users/jdrqu/Documents/Ingeniería Biomédica Tec/10° Semestre/Imageneología médica/Tomógrafo/STM32/Workspace/Drivers/CMSIS/Device/ST/STM32F4xx/Include" -I"C:/Users/jdrqu/Documents/Ingeniería Biomédica Tec/10° Semestre/Imageneología médica/Tomógrafo/STM32/Workspace/Drivers/CMSIS/Include"  -Og -g3 -Wall -fmessage-length=0 -ffunction-sections -c -fmessage-length=0 -MMD -MP -MF"Src/STEPPER.d" -MT"Src/STEPPER.o" -o "Src/STEPPER.o" "../Src/STEPPER.c"
Finished building: ../Src/STEPPER.c
 
Building file: ../Src/STEPPER_cfg.c
Invoking: MCU GCC Compiler
C:\Users\jdrqu\Documents\Ingeniería Biomédica Tec\10° Semestre\Imageneología médica\Tomógrafo\STM32\Workspace\Release
arm-none-eabi-gcc -mcpu=cortex-m4 -mthumb -mfloat-abi=hard -mfpu=fpv4-sp-d16 '-D__weak=__attribute__((weak))' '-D__packed=__attribute__((__packed__))' -DUSE_HAL_DRIVER -DSTM32F407xx -I"C:/Users/jdrqu/Documents/Ingeniería Biomédica Tec/10° Semestre/Imageneología médica/Tomógrafo/STM32/Workspace/Inc" -I"C:/Users/jdrqu/Documents/Ingeniería Biomédica Tec/10° Semestre/Imageneología médica/Tomógrafo/STM32/Workspace/Drivers/STM32F4xx_HAL_Driver/Inc" -I"C:/Users/jdrqu/Documents/Ingeniería Biomédica Tec/10° Semestre/Imageneología médica/Tomógrafo/STM32/Workspace/Drivers/STM32F4xx_HAL_Driver/Inc/Legacy" -I"C:/Users/jdrqu/Documents/Ingeniería Biomédica Tec/10° Semestre/Imageneología médica/Tomógrafo/STM32/Workspace/Drivers/CMSIS/Device/ST/STM32F4xx/Include" -I"C:/Users/jdrqu/Documents/Ingeniería Biomédica Tec/10° Semestre/Imageneología médica/Tomógrafo/STM32/Workspace/Drivers/CMSIS/Include"  -Og -g3 -Wall -fmessage-length=0 -ffunction-sections -c -fmessage-length=0 -MMD -MP -MF"Src/STEPPER_cfg.d" -MT"Src/STEPPER_cfg.o" -o "Src/STEPPER_cfg.o" "../Src/STEPPER_cfg.c"
Finished building: ../Src/STEPPER_cfg.c
 
Building file: ../Src/lcd16x2_i2c.c
Invoking: MCU GCC Compiler
C:\Users\jdrqu\Documents\Ingeniería Biomédica Tec\10° Semestre\Imageneología médica\Tomógrafo\STM32\Workspace\Release
arm-none-eabi-gcc -mcpu=cortex-m4 -mthumb -mfloat-abi=hard -mfpu=fpv4-sp-d16 '-D__weak=__attribute__((weak))' '-D__packed=__attribute__((__packed__))' -DUSE_HAL_DRIVER -DSTM32F407xx -I"C:/Users/jdrqu/Documents/Ingeniería Biomédica Tec/10° Semestre/Imageneología médica/Tomógrafo/STM32/Workspace/Inc" -I"C:/Users/jdrqu/Documents/Ingeniería Biomédica Tec/10° Semestre/Imageneología médica/Tomógrafo/STM32/Workspace/Drivers/STM32F4xx_HAL_Driver/Inc" -I"C:/Users/jdrqu/Documents/Ingeniería Biomédica Tec/10° Semestre/Imageneología médica/Tomógrafo/STM32/Workspace/Drivers/STM32F4xx_HAL_Driver/Inc/Legacy" -I"C:/Users/jdrqu/Documents/Ingeniería Biomédica Tec/10° Semestre/Imageneología médica/Tomógrafo/STM32/Workspace/Drivers/CMSIS/Device/ST/STM32F4xx/Include" -I"C:/Users/jdrqu/Documents/Ingeniería Biomédica Tec/10° Semestre/Imageneología médica/Tomógrafo/STM32/Workspace/Drivers/CMSIS/Include"  -Og -g3 -Wall -fmessage-length=0 -ffunction-sections -c -fmessage-length=0 -MMD -MP -MF"Src/lcd16x2_i2c.d" -MT"Src/lcd16x2_i2c.o" -o "Src/lcd16x2_i2c.o" "../Src/lcd16x2_i2c.c"
Finished building: ../Src/lcd16x2_i2c.c
 
Building file: ../Src/main.c
Invoking: MCU GCC Compiler
C:\Users\jdrqu\Documents\Ingeniería Biomédica Tec\10° Semestre\Imageneología médica\Tomógrafo\STM32\Workspace\Release
arm-none-eabi-gcc -mcpu=cortex-m4 -mthumb -mfloat-abi=hard -mfpu=fpv4-sp-d16 '-D__weak=__attribute__((weak))' '-D__packed=__attribute__((__packed__))' -DUSE_HAL_DRIVER -DSTM32F407xx -I"C:/Users/jdrqu/Documents/Ingeniería Biomédica Tec/10° Semestre/Imageneología médica/Tomógrafo/STM32/Workspace/Inc" -I"C:/Users/jdrqu/Documents/Ingeniería Biomédica Tec/10° Semestre/Imageneología médica/Tomógrafo/STM32/Workspace/Drivers/STM32F4xx_HAL_Driver/Inc" -I"C:/Users/jdrqu/Documents/Ingeniería Biomédica Tec/10° Semestre/Imageneología médica/Tomógrafo/STM32/Workspace/Drivers/STM32F4xx_HAL_Driver/Inc/Legacy" -I"C:/Users/jdrqu/Documents/Ingeniería Biomédica Tec/10° Semestre/Imageneología médica/Tomógrafo/STM32/Workspace/Drivers/CMSIS/Device/ST/STM32F4xx/Include" -I"C:/Users/jdrqu/Documents/Ingeniería Biomédica Tec/10° Semestre/Imageneología médica/Tomógrafo/STM32/Workspace/Drivers/CMSIS/Include"  -Og -g3 -Wall -fmessage-length=0 -ffunction-sections -c -fmessage-length=0 -MMD -MP -MF"Src/main.d" -MT"Src/main.o" -o "Src/main.o" "../Src/main.c"
../Src/main.c: In function 'main':
../Src/main.c:104:16: warning: pointer targets in passing argument 1 of 'ParseCommand' differ in signedness [-Wpointer-sign]
   ParseCommand(data_buffer);
                ^~~~~~~~~~~
../Src/main.c:55:6: note: expected 'char *' but argument is of type 'uint8_t * {aka unsigned char *}'
 void ParseCommand(char* data);
      ^~~~~~~~~~~~
../Src/main.c: In function 'Ack':
../Src/main.c:197:29: warning: pointer targets in passing argument 2 of 'HAL_UART_Transmit' differ in signedness [-Wpointer-sign]
  HAL_UART_Transmit(&huart2, "OK\n\r", 4, HAL_MAX_DELAY);
                             ^~~~~~~~
In file included from C:/Users/jdrqu/Documents/Ingeniería Biomédica Tec/10° Semestre/Imageneología médica/Tomógrafo/STM32/Workspace/Inc/stm32f4xx_hal_conf.h:368:0,
                 from C:/Users/jdrqu/Documents/Ingeniería Biomédica Tec/10° Semestre/Imageneología médica/Tomógrafo/STM32/Workspace/Drivers/STM32F4xx_HAL_Driver/Inc/stm32f4xx_hal.h:46,
                 from C:/Users/jdrqu/Documents/Ingeniería Biomédica Tec/10° Semestre/Imageneología médica/Tomógrafo/STM32/Workspace/Inc/main.h:43,
                 from ../Src/main.c:39:
C:/Users/jdrqu/Documents/Ingeniería Biomédica Tec/10° Semestre/Imageneología médica/Tomógrafo/STM32/Workspace/Drivers/STM32F4xx_HAL_Driver/Inc/stm32f4xx_hal_uart.h:645:19: note: expected 'uint8_t * {aka unsigned char *}' but argument is of type 'char *'
 HAL_StatusTypeDef HAL_UART_Transmit(UART_HandleTypeDef *huart, uint8_t *pData, uint16_t Size, uint32_t Timeout);
                   ^~~~~~~~~~~~~~~~~
../Src/main.c: In function 'clearDataBuffer':
../Src/main.c:234:2: warning: implicit declaration of function 'memset' [-Wimplicit-function-declaration]
  memset(&data_buffer, 0, DATABUFFERSIZE);
  ^~~~~~
../Src/main.c:234:2: warning: incompatible implicit declaration of built-in function 'memset'
../Src/main.c:234:2: note: include '<string.h>' or provide a declaration of 'memset'
Finished building: ../Src/main.c
 
Building file: ../Src/stm32f4xx_hal_msp.c
Invoking: MCU GCC Compiler
C:\Users\jdrqu\Documents\Ingeniería Biomédica Tec\10° Semestre\Imageneología médica\Tomógrafo\STM32\Workspace\Release
arm-none-eabi-gcc -mcpu=cortex-m4 -mthumb -mfloat-abi=hard -mfpu=fpv4-sp-d16 '-D__weak=__attribute__((weak))' '-D__packed=__attribute__((__packed__))' -DUSE_HAL_DRIVER -DSTM32F407xx -I"C:/Users/jdrqu/Documents/Ingeniería Biomédica Tec/10° Semestre/Imageneología médica/Tomógrafo/STM32/Workspace/Inc" -I"C:/Users/jdrqu/Documents/Ingeniería Biomédica Tec/10° Semestre/Imageneología médica/Tomógrafo/STM32/Workspace/Drivers/STM32F4xx_HAL_Driver/Inc" -I"C:/Users/jdrqu/Documents/Ingeniería Biomédica Tec/10° Semestre/Imageneología médica/Tomógrafo/STM32/Workspace/Drivers/STM32F4xx_HAL_Driver/Inc/Legacy" -I"C:/Users/jdrqu/Documents/Ingeniería Biomédica Tec/10° Semestre/Imageneología médica/Tomógrafo/STM32/Workspace/Drivers/CMSIS/Device/ST/STM32F4xx/Include" -I"C:/Users/jdrqu/Documents/Ingeniería Biomédica Tec/10° Semestre/Imageneología médica/Tomógrafo/STM32/Workspace/Drivers/CMSIS/Include"  -Og -g3 -Wall -fmessage-length=0 -ffunction-sections -c -fmessage-length=0 -MMD -MP -MF"Src/stm32f4xx_hal_msp.d" -MT"Src/stm32f4xx_hal_msp.o" -o "Src/stm32f4xx_hal_msp.o" "../Src/stm32f4xx_hal_msp.c"
Finished building: ../Src/stm32f4xx_hal_msp.c
 
Building file: ../Src/stm32f4xx_it.c
Invoking: MCU GCC Compiler
C:\Users\jdrqu\Documents\Ingeniería Biomédica Tec\10° Semestre\Imageneología médica\Tomógrafo\STM32\Workspace\Release
arm-none-eabi-gcc -mcpu=cortex-m4 -mthumb -mfloat-abi=hard -mfpu=fpv4-sp-d16 '-D__weak=__attribute__((weak))' '-D__packed=__attribute__((__packed__))' -DUSE_HAL_DRIVER -DSTM32F407xx -I"C:/Users/jdrqu/Documents/Ingeniería Biomédica Tec/10° Semestre/Imageneología médica/Tomógrafo/STM32/Workspace/Inc" -I"C:/Users/jdrqu/Documents/Ingeniería Biomédica Tec/10° Semestre/Imageneología médica/Tomógrafo/STM32/Workspace/Drivers/STM32F4xx_HAL_Driver/Inc" -I"C:/Users/jdrqu/Documents/Ingeniería Biomédica Tec/10° Semestre/Imageneología médica/Tomógrafo/STM32/Workspace/Drivers/STM32F4xx_HAL_Driver/Inc/Legacy" -I"C:/Users/jdrqu/Documents/Ingeniería Biomédica Tec/10° Semestre/Imageneología médica/Tomógrafo/STM32/Workspace/Drivers/CMSIS/Device/ST/STM32F4xx/Include" -I"C:/Users/jdrqu/Documents/Ingeniería Biomédica Tec/10° Semestre/Imageneología médica/Tomógrafo/STM32/Workspace/Drivers/CMSIS/Include"  -Og -g3 -Wall -fmessage-length=0 -ffunction-sections -c -fmessage-length=0 -MMD -MP -MF"Src/stm32f4xx_it.d" -MT"Src/stm32f4xx_it.o" -o "Src/stm32f4xx_it.o" "../Src/stm32f4xx_it.c"
Finished building: ../Src/stm32f4xx_it.c
 
Building file: ../Src/system_stm32f4xx.c
Invoking: MCU GCC Compiler
C:\Users\jdrqu\Documents\Ingeniería Biomédica Tec\10° Semestre\Imageneología médica\Tomógrafo\STM32\Workspace\Release
arm-none-eabi-gcc -mcpu=cortex-m4 -mthumb -mfloat-abi=hard -mfpu=fpv4-sp-d16 '-D__weak=__attribute__((weak))' '-D__packed=__attribute__((__packed__))' -DUSE_HAL_DRIVER -DSTM32F407xx -I"C:/Users/jdrqu/Documents/Ingeniería Biomédica Tec/10° Semestre/Imageneología médica/Tomógrafo/STM32/Workspace/Inc" -I"C:/Users/jdrqu/Documents/Ingeniería Biomédica Tec/10° Semestre/Imageneología médica/Tomógrafo/STM32/Workspace/Drivers/STM32F4xx_HAL_Driver/Inc" -I"C:/Users/jdrqu/Documents/Ingeniería Biomédica Tec/10° Semestre/Imageneología médica/Tomógrafo/STM32/Workspace/Drivers/STM32F4xx_HAL_Driver/Inc/Legacy" -I"C:/Users/jdrqu/Documents/Ingeniería Biomédica Tec/10° Semestre/Imageneología médica/Tomógrafo/STM32/Workspace/Drivers/CMSIS/Device/ST/STM32F4xx/Include" -I"C:/Users/jdrqu/Documents/Ingeniería Biomédica Tec/10° Semestre/Imageneología médica/Tomógrafo/STM32/Workspace/Drivers/CMSIS/Include"  -Og -g3 -Wall -fmessage-length=0 -ffunction-sections -c -fmessage-length=0 -MMD -MP -MF"Src/system_stm32f4xx.d" -MT"Src/system_stm32f4xx.o" -o "Src/system_stm32f4xx.o" "../Src/system_stm32f4xx.c"
Finished building: ../Src/system_stm32f4xx.c
 
Building file: ../Drivers/STM32F4xx_HAL_Driver/Src/stm32f4xx_hal.c
Invoking: MCU GCC Compiler
C:\Users\jdrqu\Documents\Ingeniería Biomédica Tec\10° Semestre\Imageneología médica\Tomógrafo\STM32\Workspace\Release
arm-none-eabi-gcc -mcpu=cortex-m4 -mthumb -mfloat-abi=hard -mfpu=fpv4-sp-d16 '-D__weak=__attribute__((weak))' '-D__packed=__attribute__((__packed__))' -DUSE_HAL_DRIVER -DSTM32F407xx -I"C:/Users/jdrqu/Documents/Ingeniería Biomédica Tec/10° Semestre/Imageneología médica/Tomógrafo/STM32/Workspace/Inc" -I"C:/Users/jdrqu/Documents/Ingeniería Biomédica Tec/10° Semestre/Imageneología médica/Tomógrafo/STM32/Workspace/Drivers/STM32F4xx_HAL_Driver/Inc" -I"C:/Users/jdrqu/Documents/Ingeniería Biomédica Tec/10° Semestre/Imageneología médica/Tomógrafo/STM32/Workspace/Drivers/STM32F4xx_HAL_Driver/Inc/Legacy" -I"C:/Users/jdrqu/Documents/Ingeniería Biomédica Tec/10° Semestre/Imageneología médica/Tomógrafo/STM32/Workspace/Drivers/CMSIS/Device/ST/STM32F4xx/Include" -I"C:/Users/jdrqu/Documents/Ingeniería Biomédica Tec/10° Semestre/Imageneología médica/Tomógrafo/STM32/Workspace/Drivers/CMSIS/Include"  -Og -g3 -Wall -fmessage-length=0 -ffunction-sections -c -fmessage-length=0 -MMD -MP -MF"Drivers/STM32F4xx_HAL_Driver/Src/stm32f4xx_hal.d" -MT"Drivers/STM32F4xx_HAL_Driver/Src/stm32f4xx_hal.o" -o "Drivers/STM32F4xx_HAL_Driver/Src/stm32f4xx_hal.o" "../Drivers/STM32F4xx_HAL_Driver/Src/stm32f4xx_hal.c"
Finished building: ../Drivers/STM32F4xx_HAL_Driver/Src/stm32f4xx_hal.c
 
Building file: ../Drivers/STM32F4xx_HAL_Driver/Src/stm32f4xx_hal_cortex.c
Invoking: MCU GCC Compiler
C:\Users\jdrqu\Documents\Ingeniería Biomédica Tec\10° Semestre\Imageneología médica\Tomógrafo\STM32\Workspace\Release
arm-none-eabi-gcc -mcpu=cortex-m4 -mthumb -mfloat-abi=hard -mfpu=fpv4-sp-d16 '-D__weak=__attribute__((weak))' '-D__packed=__attribute__((__packed__))' -DUSE_HAL_DRIVER -DSTM32F407xx -I"C:/Users/jdrqu/Documents/Ingeniería Biomédica Tec/10° Semestre/Imageneología médica/Tomógrafo/STM32/Workspace/Inc" -I"C:/Users/jdrqu/Documents/Ingeniería Biomédica Tec/10° Semestre/Imageneología médica/Tomógrafo/STM32/Workspace/Drivers/STM32F4xx_HAL_Driver/Inc" -I"C:/Users/jdrqu/Documents/Ingeniería Biomédica Tec/10° Semestre/Imageneología médica/Tomógrafo/STM32/Workspace/Drivers/STM32F4xx_HAL_Driver/Inc/Legacy" -I"C:/Users/jdrqu/Documents/Ingeniería Biomédica Tec/10° Semestre/Imageneología médica/Tomógrafo/STM32/Workspace/Drivers/CMSIS/Device/ST/STM32F4xx/Include" -I"C:/Users/jdrqu/Documents/Ingeniería Biomédica Tec/10° Semestre/Imageneología médica/Tomógrafo/STM32/Workspace/Drivers/CMSIS/Include"  -Og -g3 -Wall -fmessage-length=0 -ffunction-sections -c -fmessage-length=0 -MMD -MP -MF"Drivers/STM32F4xx_HAL_Driver/Src/stm32f4xx_hal_cortex.d" -MT"Drivers/STM32F4xx_HAL_Driver/Src/stm32f4xx_hal_cortex.o" -o "Drivers/STM32F4xx_HAL_Driver/Src/stm32f4xx_hal_cortex.o" "../Drivers/STM32F4xx_HAL_Driver/Src/stm32f4xx_hal_cortex.c"
Finished building: ../Drivers/STM32F4xx_HAL_Driver/Src/stm32f4xx_hal_cortex.c
 
Building file: ../Drivers/STM32F4xx_HAL_Driver/Src/stm32f4xx_hal_dma.c
Invoking: MCU GCC Compiler
C:\Users\jdrqu\Documents\Ingeniería Biomédica Tec\10° Semestre\Imageneología médica\Tomógrafo\STM32\Workspace\Release
arm-none-eabi-gcc -mcpu=cortex-m4 -mthumb -mfloat-abi=hard -mfpu=fpv4-sp-d16 '-D__weak=__attribute__((weak))' '-D__packed=__attribute__((__packed__))' -DUSE_HAL_DRIVER -DSTM32F407xx -I"C:/Users/jdrqu/Documents/Ingeniería Biomédica Tec/10° Semestre/Imageneología médica/Tomógrafo/STM32/Workspace/Inc" -I"C:/Users/jdrqu/Documents/Ingeniería Biomédica Tec/10° Semestre/Imageneología médica/Tomógrafo/STM32/Workspace/Drivers/STM32F4xx_HAL_Driver/Inc" -I"C:/Users/jdrqu/Documents/Ingeniería Biomédica Tec/10° Semestre/Imageneología médica/Tomógrafo/STM32/Workspace/Drivers/STM32F4xx_HAL_Driver/Inc/Legacy" -I"C:/Users/jdrqu/Documents/Ingeniería Biomédica Tec/10° Semestre/Imageneología médica/Tomógrafo/STM32/Workspace/Drivers/CMSIS/Device/ST/STM32F4xx/Include" -I"C:/Users/jdrqu/Documents/Ingeniería Biomédica Tec/10° Semestre/Imageneología médica/Tomógrafo/STM32/Workspace/Drivers/CMSIS/Include"  -Og -g3 -Wall -fmessage-length=0 -ffunction-sections -c -fmessage-length=0 -MMD -MP -MF"Drivers/STM32F4xx_HAL_Driver/Src/stm32f4xx_hal_dma.d" -MT"Drivers/STM32F4xx_HAL_Driver/Src/stm32f4xx_hal_dma.o" -o "Drivers/STM32F4xx_HAL_Driver/Src/stm32f4xx_hal_dma.o" "../Drivers/STM32F4xx_HAL_Driver/Src/stm32f4xx_hal_dma.c"
Finished building: ../Drivers/STM32F4xx_HAL_Driver/Src/stm32f4xx_hal_dma.c
 
Building file: ../Drivers/STM32F4xx_HAL_Driver/Src/stm32f4xx_hal_dma_ex.c
Invoking: MCU GCC Compiler
C:\Users\jdrqu\Documents\Ingeniería Biomédica Tec\10° Semestre\Imageneología médica\Tomógrafo\STM32\Workspace\Release
arm-none-eabi-gcc -mcpu=cortex-m4 -mthumb -mfloat-abi=hard -mfpu=fpv4-sp-d16 '-D__weak=__attribute__((weak))' '-D__packed=__attribute__((__packed__))' -DUSE_HAL_DRIVER -DSTM32F407xx -I"C:/Users/jdrqu/Documents/Ingeniería Biomédica Tec/10° Semestre/Imageneología médica/Tomógrafo/STM32/Workspace/Inc" -I"C:/Users/jdrqu/Documents/Ingeniería Biomédica Tec/10° Semestre/Imageneología médica/Tomógrafo/STM32/Workspace/Drivers/STM32F4xx_HAL_Driver/Inc" -I"C:/Users/jdrqu/Documents/Ingeniería Biomédica Tec/10° Semestre/Imageneología médica/Tomógrafo/STM32/Workspace/Drivers/STM32F4xx_HAL_Driver/Inc/Legacy" -I"C:/Users/jdrqu/Documents/Ingeniería Biomédica Tec/10° Semestre/Imageneología médica/Tomógrafo/STM32/Workspace/Drivers/CMSIS/Device/ST/STM32F4xx/Include" -I"C:/Users/jdrqu/Documents/Ingeniería Biomédica Tec/10° Semestre/Imageneología médica/Tomógrafo/STM32/Workspace/Drivers/CMSIS/Include"  -Og -g3 -Wall -fmessage-length=0 -ffunction-sections -c -fmessage-length=0 -MMD -MP -MF"Drivers/STM32F4xx_HAL_Driver/Src/stm32f4xx_hal_dma_ex.d" -MT"Drivers/STM32F4xx_HAL_Driver/Src/stm32f4xx_hal_dma_ex.o" -o "Drivers/STM32F4xx_HAL_Driver/Src/stm32f4xx_hal_dma_ex.o" "../Drivers/STM32F4xx_HAL_Driver/Src/stm32f4xx_hal_dma_ex.c"
Finished building: ../Drivers/STM32F4xx_HAL_Driver/Src/stm32f4xx_hal_dma_ex.c
 
Building file: ../Drivers/STM32F4xx_HAL_Driver/Src/stm32f4xx_hal_flash.c
Invoking: MCU GCC Compiler
C:\Users\jdrqu\Documents\Ingeniería Biomédica Tec\10° Semestre\Imageneología médica\Tomógrafo\STM32\Workspace\Release
arm-none-eabi-gcc -mcpu=cortex-m4 -mthumb -mfloat-abi=hard -mfpu=fpv4-sp-d16 '-D__weak=__attribute__((weak))' '-D__packed=__attribute__((__packed__))' -DUSE_HAL_DRIVER -DSTM32F407xx -I"C:/Users/jdrqu/Documents/Ingeniería Biomédica Tec/10° Semestre/Imageneología médica/Tomógrafo/STM32/Workspace/Inc" -I"C:/Users/jdrqu/Documents/Ingeniería Biomédica Tec/10° Semestre/Imageneología médica/Tomógrafo/STM32/Workspace/Drivers/STM32F4xx_HAL_Driver/Inc" -I"C:/Users/jdrqu/Documents/Ingeniería Biomédica Tec/10° Semestre/Imageneología médica/Tomógrafo/STM32/Workspace/Drivers/STM32F4xx_HAL_Driver/Inc/Legacy" -I"C:/Users/jdrqu/Documents/Ingeniería Biomédica Tec/10° Semestre/Imageneología médica/Tomógrafo/STM32/Workspace/Drivers/CMSIS/Device/ST/STM32F4xx/Include" -I"C:/Users/jdrqu/Documents/Ingeniería Biomédica Tec/10° Semestre/Imageneología médica/Tomógrafo/STM32/Workspace/Drivers/CMSIS/Include"  -Og -g3 -Wall -fmessage-length=0 -ffunction-sections -c -fmessage-length=0 -MMD -MP -MF"Drivers/STM32F4xx_HAL_Driver/Src/stm32f4xx_hal_flash.d" -MT"Drivers/STM32F4xx_HAL_Driver/Src/stm32f4xx_hal_flash.o" -o "Drivers/STM32F4xx_HAL_Driver/Src/stm32f4xx_hal_flash.o" "../Drivers/STM32F4xx_HAL_Driver/Src/stm32f4xx_hal_flash.c"
Finished building: ../Drivers/STM32F4xx_HAL_Driver/Src/stm32f4xx_hal_flash.c
 
Building file: ../Drivers/STM32F4xx_HAL_Driver/Src/stm32f4xx_hal_flash_ex.c
Invoking: MCU GCC Compiler
C:\Users\jdrqu\Documents\Ingeniería Biomédica Tec\10° Semestre\Imageneología médica\Tomógrafo\STM32\Workspace\Release
arm-none-eabi-gcc -mcpu=cortex-m4 -mthumb -mfloat-abi=hard -mfpu=fpv4-sp-d16 '-D__weak=__attribute__((weak))' '-D__packed=__attribute__((__packed__))' -DUSE_HAL_DRIVER -DSTM32F407xx -I"C:/Users/jdrqu/Documents/Ingeniería Biomédica Tec/10° Semestre/Imageneología médica/Tomógrafo/STM32/Workspace/Inc" -I"C:/Users/jdrqu/Documents/Ingeniería Biomédica Tec/10° Semestre/Imageneología médica/Tomógrafo/STM32/Workspace/Drivers/STM32F4xx_HAL_Driver/Inc" -I"C:/Users/jdrqu/Documents/Ingeniería Biomédica Tec/10° Semestre/Imageneología médica/Tomógrafo/STM32/Workspace/Drivers/STM32F4xx_HAL_Driver/Inc/Legacy" -I"C:/Users/jdrqu/Documents/Ingeniería Biomédica Tec/10° Semestre/Imageneología médica/Tomógrafo/STM32/Workspace/Drivers/CMSIS/Device/ST/STM32F4xx/Include" -I"C:/Users/jdrqu/Documents/Ingeniería Biomédica Tec/10° Semestre/Imageneología médica/Tomógrafo/STM32/Workspace/Drivers/CMSIS/Include"  -Og -g3 -Wall -fmessage-length=0 -ffunction-sections -c -fmessage-length=0 -MMD -MP -MF"Drivers/STM32F4xx_HAL_Driver/Src/stm32f4xx_hal_flash_ex.d" -MT"Drivers/STM32F4xx_HAL_Driver/Src/stm32f4xx_hal_flash_ex.o" -o "Drivers/STM32F4xx_HAL_Driver/Src/stm32f4xx_hal_flash_ex.o" "../Drivers/STM32F4xx_HAL_Driver/Src/stm32f4xx_hal_flash_ex.c"
Finished building: ../Drivers/STM32F4xx_HAL_Driver/Src/stm32f4xx_hal_flash_ex.c
 
Building file: ../Drivers/STM32F4xx_HAL_Driver/Src/stm32f4xx_hal_flash_ramfunc.c
Invoking: MCU GCC Compiler
C:\Users\jdrqu\Documents\Ingeniería Biomédica Tec\10° Semestre\Imageneología médica\Tomógrafo\STM32\Workspace\Release
arm-none-eabi-gcc -mcpu=cortex-m4 -mthumb -mfloat-abi=hard -mfpu=fpv4-sp-d16 '-D__weak=__attribute__((weak))' '-D__packed=__attribute__((__packed__))' -DUSE_HAL_DRIVER -DSTM32F407xx -I"C:/Users/jdrqu/Documents/Ingeniería Biomédica Tec/10° Semestre/Imageneología médica/Tomógrafo/STM32/Workspace/Inc" -I"C:/Users/jdrqu/Documents/Ingeniería Biomédica Tec/10° Semestre/Imageneología médica/Tomógrafo/STM32/Workspace/Drivers/STM32F4xx_HAL_Driver/Inc" -I"C:/Users/jdrqu/Documents/Ingeniería Biomédica Tec/10° Semestre/Imageneología médica/Tomógrafo/STM32/Workspace/Drivers/STM32F4xx_HAL_Driver/Inc/Legacy" -I"C:/Users/jdrqu/Documents/Ingeniería Biomédica Tec/10° Semestre/Imageneología médica/Tomógrafo/STM32/Workspace/Drivers/CMSIS/Device/ST/STM32F4xx/Include" -I"C:/Users/jdrqu/Documents/Ingeniería Biomédica Tec/10° Semestre/Imageneología médica/Tomógrafo/STM32/Workspace/Drivers/CMSIS/Include"  -Og -g3 -Wall -fmessage-length=0 -ffunction-sections -c -fmessage-length=0 -MMD -MP -MF"Drivers/STM32F4xx_HAL_Driver/Src/stm32f4xx_hal_flash_ramfunc.d" -MT"Drivers/STM32F4xx_HAL_Driver/Src/stm32f4xx_hal_flash_ramfunc.o" -o "Drivers/STM32F4xx_HAL_Driver/Src/stm32f4xx_hal_flash_ramfunc.o" "../Drivers/STM32F4xx_HAL_Driver/Src/stm32f4xx_hal_flash_ramfunc.c"
Finished building: ../Drivers/STM32F4xx_HAL_Driver/Src/stm32f4xx_hal_flash_ramfunc.c
 
Building file: ../Drivers/STM32F4xx_HAL_Driver/Src/stm32f4xx_hal_gpio.c
Invoking: MCU GCC Compiler
C:\Users\jdrqu\Documents\Ingeniería Biomédica Tec\10° Semestre\Imageneología médica\Tomógrafo\STM32\Workspace\Release
arm-none-eabi-gcc -mcpu=cortex-m4 -mthumb -mfloat-abi=hard -mfpu=fpv4-sp-d16 '-D__weak=__attribute__((weak))' '-D__packed=__attribute__((__packed__))' -DUSE_HAL_DRIVER -DSTM32F407xx -I"C:/Users/jdrqu/Documents/Ingeniería Biomédica Tec/10° Semestre/Imageneología médica/Tomógrafo/STM32/Workspace/Inc" -I"C:/Users/jdrqu/Documents/Ingeniería Biomédica Tec/10° Semestre/Imageneología médica/Tomógrafo/STM32/Workspace/Drivers/STM32F4xx_HAL_Driver/Inc" -I"C:/Users/jdrqu/Documents/Ingeniería Biomédica Tec/10° Semestre/Imageneología médica/Tomógrafo/STM32/Workspace/Drivers/STM32F4xx_HAL_Driver/Inc/Legacy" -I"C:/Users/jdrqu/Documents/Ingeniería Biomédica Tec/10° Semestre/Imageneología médica/Tomógrafo/STM32/Workspace/Drivers/CMSIS/Device/ST/STM32F4xx/Include" -I"C:/Users/jdrqu/Documents/Ingeniería Biomédica Tec/10° Semestre/Imageneología médica/Tomógrafo/STM32/Workspace/Drivers/CMSIS/Include"  -Og -g3 -Wall -fmessage-length=0 -ffunction-sections -c -fmessage-length=0 -MMD -MP -MF"Drivers/STM32F4xx_HAL_Driver/Src/stm32f4xx_hal_gpio.d" -MT"Drivers/STM32F4xx_HAL_Driver/Src/stm32f4xx_hal_gpio.o" -o "Drivers/STM32F4xx_HAL_Driver/Src/stm32f4xx_hal_gpio.o" "../Drivers/STM32F4xx_HAL_Driver/Src/stm32f4xx_hal_gpio.c"
Finished building: ../Drivers/STM32F4xx_HAL_Driver/Src/stm32f4xx_hal_gpio.c
 
Building file: ../Drivers/STM32F4xx_HAL_Driver/Src/stm32f4xx_hal_i2c.c
Invoking: MCU GCC Compiler
C:\Users\jdrqu\Documents\Ingeniería Biomédica Tec\10° Semestre\Imageneología médica\Tomógrafo\STM32\Workspace\Release
arm-none-eabi-gcc -mcpu=cortex-m4 -mthumb -mfloat-abi=hard -mfpu=fpv4-sp-d16 '-D__weak=__attribute__((weak))' '-D__packed=__attribute__((__packed__))' -DUSE_HAL_DRIVER -DSTM32F407xx -I"C:/Users/jdrqu/Documents/Ingeniería Biomédica Tec/10° Semestre/Imageneología médica/Tomógrafo/STM32/Workspace/Inc" -I"C:/Users/jdrqu/Documents/Ingeniería Biomédica Tec/10° Semestre/Imageneología médica/Tomógrafo/STM32/Workspace/Drivers/STM32F4xx_HAL_Driver/Inc" -I"C:/Users/jdrqu/Documents/Ingeniería Biomédica Tec/10° Semestre/Imageneología médica/Tomógrafo/STM32/Workspace/Drivers/STM32F4xx_HAL_Driver/Inc/Legacy" -I"C:/Users/jdrqu/Documents/Ingeniería Biomédica Tec/10° Semestre/Imageneología médica/Tomógrafo/STM32/Workspace/Drivers/CMSIS/Device/ST/STM32F4xx/Include" -I"C:/Users/jdrqu/Documents/Ingeniería Biomédica Tec/10° Semestre/Imageneología médica/Tomógrafo/STM32/Workspace/Drivers/CMSIS/Include"  -Og -g3 -Wall -fmessage-length=0 -ffunction-sections -c -fmessage-length=0 -MMD -MP -MF"Drivers/STM32F4xx_HAL_Driver/Src/stm32f4xx_hal_i2c.d" -MT"Drivers/STM32F4xx_HAL_Driver/Src/stm32f4xx_hal_i2c.o" -o "Drivers/STM32F4xx_HAL_Driver/Src/stm32f4xx_hal_i2c.o" "../Drivers/STM32F4xx_HAL_Driver/Src/stm32f4xx_hal_i2c.c"
Finished building: ../Drivers/STM32F4xx_HAL_Driver/Src/stm32f4xx_hal_i2c.c
 
Building file: ../Drivers/STM32F4xx_HAL_Driver/Src/stm32f4xx_hal_i2c_ex.c
Invoking: MCU GCC Compiler
C:\Users\jdrqu\Documents\Ingeniería Biomédica Tec\10° Semestre\Imageneología médica\Tomógrafo\STM32\Workspace\Release
arm-none-eabi-gcc -mcpu=cortex-m4 -mthumb -mfloat-abi=hard -mfpu=fpv4-sp-d16 '-D__weak=__attribute__((weak))' '-D__packed=__attribute__((__packed__))' -DUSE_HAL_DRIVER -DSTM32F407xx -I"C:/Users/jdrqu/Documents/Ingeniería Biomédica Tec/10° Semestre/Imageneología médica/Tomógrafo/STM32/Workspace/Inc" -I"C:/Users/jdrqu/Documents/Ingeniería Biomédica Tec/10° Semestre/Imageneología médica/Tomógrafo/STM32/Workspace/Drivers/STM32F4xx_HAL_Driver/Inc" -I"C:/Users/jdrqu/Documents/Ingeniería Biomédica Tec/10° Semestre/Imageneología médica/Tomógrafo/STM32/Workspace/Drivers/STM32F4xx_HAL_Driver/Inc/Legacy" -I"C:/Users/jdrqu/Documents/Ingeniería Biomédica Tec/10° Semestre/Imageneología médica/Tomógrafo/STM32/Workspace/Drivers/CMSIS/Device/ST/STM32F4xx/Include" -I"C:/Users/jdrqu/Documents/Ingeniería Biomédica Tec/10° Semestre/Imageneología médica/Tomógrafo/STM32/Workspace/Drivers/CMSIS/Include"  -Og -g3 -Wall -fmessage-length=0 -ffunction-sections -c -fmessage-length=0 -MMD -MP -MF"Drivers/STM32F4xx_HAL_Driver/Src/stm32f4xx_hal_i2c_ex.d" -MT"Drivers/STM32F4xx_HAL_Driver/Src/stm32f4xx_hal_i2c_ex.o" -o "Drivers/STM32F4xx_HAL_Driver/Src/stm32f4xx_hal_i2c_ex.o" "../Drivers/STM32F4xx_HAL_Driver/Src/stm32f4xx_hal_i2c_ex.c"
Finished building: ../Drivers/STM32F4xx_HAL_Driver/Src/stm32f4xx_hal_i2c_ex.c
 
Building file: ../Drivers/STM32F4xx_HAL_Driver/Src/stm32f4xx_hal_pwr.c
Invoking: MCU GCC Compiler
C:\Users\jdrqu\Documents\Ingeniería Biomédica Tec\10° Semestre\Imageneología médica\Tomógrafo\STM32\Workspace\Release
arm-none-eabi-gcc -mcpu=cortex-m4 -mthumb -mfloat-abi=hard -mfpu=fpv4-sp-d16 '-D__weak=__attribute__((weak))' '-D__packed=__attribute__((__packed__))' -DUSE_HAL_DRIVER -DSTM32F407xx -I"C:/Users/jdrqu/Documents/Ingeniería Biomédica Tec/10° Semestre/Imageneología médica/Tomógrafo/STM32/Workspace/Inc" -I"C:/Users/jdrqu/Documents/Ingeniería Biomédica Tec/10° Semestre/Imageneología médica/Tomógrafo/STM32/Workspace/Drivers/STM32F4xx_HAL_Driver/Inc" -I"C:/Users/jdrqu/Documents/Ingeniería Biomédica Tec/10° Semestre/Imageneología médica/Tomógrafo/STM32/Workspace/Drivers/STM32F4xx_HAL_Driver/Inc/Legacy" -I"C:/Users/jdrqu/Documents/Ingeniería Biomédica Tec/10° Semestre/Imageneología médica/Tomógrafo/STM32/Workspace/Drivers/CMSIS/Device/ST/STM32F4xx/Include" -I"C:/Users/jdrqu/Documents/Ingeniería Biomédica Tec/10° Semestre/Imageneología médica/Tomógrafo/STM32/Workspace/Drivers/CMSIS/Include"  -Og -g3 -Wall -fmessage-length=0 -ffunction-sections -c -fmessage-length=0 -MMD -MP -MF"Drivers/STM32F4xx_HAL_Driver/Src/stm32f4xx_hal_pwr.d" -MT"Drivers/STM32F4xx_HAL_Driver/Src/stm32f4xx_hal_pwr.o" -o "Drivers/STM32F4xx_HAL_Driver/Src/stm32f4xx_hal_pwr.o" "../Drivers/STM32F4xx_HAL_Driver/Src/stm32f4xx_hal_pwr.c"
Finished building: ../Drivers/STM32F4xx_HAL_Driver/Src/stm32f4xx_hal_pwr.c
 
Building file: ../Drivers/STM32F4xx_HAL_Driver/Src/stm32f4xx_hal_pwr_ex.c
Invoking: MCU GCC Compiler
C:\Users\jdrqu\Documents\Ingeniería Biomédica Tec\10° Semestre\Imageneología médica\Tomógrafo\STM32\Workspace\Release
arm-none-eabi-gcc -mcpu=cortex-m4 -mthumb -mfloat-abi=hard -mfpu=fpv4-sp-d16 '-D__weak=__attribute__((weak))' '-D__packed=__attribute__((__packed__))' -DUSE_HAL_DRIVER -DSTM32F407xx -I"C:/Users/jdrqu/Documents/Ingeniería Biomédica Tec/10° Semestre/Imageneología médica/Tomógrafo/STM32/Workspace/Inc" -I"C:/Users/jdrqu/Documents/Ingeniería Biomédica Tec/10° Semestre/Imageneología médica/Tomógrafo/STM32/Workspace/Drivers/STM32F4xx_HAL_Driver/Inc" -I"C:/Users/jdrqu/Documents/Ingeniería Biomédica Tec/10° Semestre/Imageneología médica/Tomógrafo/STM32/Workspace/Drivers/STM32F4xx_HAL_Driver/Inc/Legacy" -I"C:/Users/jdrqu/Documents/Ingeniería Biomédica Tec/10° Semestre/Imageneología médica/Tomógrafo/STM32/Workspace/Drivers/CMSIS/Device/ST/STM32F4xx/Include" -I"C:/Users/jdrqu/Documents/Ingeniería Biomédica Tec/10° Semestre/Imageneología médica/Tomógrafo/STM32/Workspace/Drivers/CMSIS/Include"  -Og -g3 -Wall -fmessage-length=0 -ffunction-sections -c -fmessage-length=0 -MMD -MP -MF"Drivers/STM32F4xx_HAL_Driver/Src/stm32f4xx_hal_pwr_ex.d" -MT"Drivers/STM32F4xx_HAL_Driver/Src/stm32f4xx_hal_pwr_ex.o" -o "Drivers/STM32F4xx_HAL_Driver/Src/stm32f4xx_hal_pwr_ex.o" "../Drivers/STM32F4xx_HAL_Driver/Src/stm32f4xx_hal_pwr_ex.c"
Finished building: ../Drivers/STM32F4xx_HAL_Driver/Src/stm32f4xx_hal_pwr_ex.c
 
Building file: ../Drivers/STM32F4xx_HAL_Driver/Src/stm32f4xx_hal_rcc.c
Invoking: MCU GCC Compiler
C:\Users\jdrqu\Documents\Ingeniería Biomédica Tec\10° Semestre\Imageneología médica\Tomógrafo\STM32\Workspace\Release
arm-none-eabi-gcc -mcpu=cortex-m4 -mthumb -mfloat-abi=hard -mfpu=fpv4-sp-d16 '-D__weak=__attribute__((weak))' '-D__packed=__attribute__((__packed__))' -DUSE_HAL_DRIVER -DSTM32F407xx -I"C:/Users/jdrqu/Documents/Ingeniería Biomédica Tec/10° Semestre/Imageneología médica/Tomógrafo/STM32/Workspace/Inc" -I"C:/Users/jdrqu/Documents/Ingeniería Biomédica Tec/10° Semestre/Imageneología médica/Tomógrafo/STM32/Workspace/Drivers/STM32F4xx_HAL_Driver/Inc" -I"C:/Users/jdrqu/Documents/Ingeniería Biomédica Tec/10° Semestre/Imageneología médica/Tomógrafo/STM32/Workspace/Drivers/STM32F4xx_HAL_Driver/Inc/Legacy" -I"C:/Users/jdrqu/Documents/Ingeniería Biomédica Tec/10° Semestre/Imageneología médica/Tomógrafo/STM32/Workspace/Drivers/CMSIS/Device/ST/STM32F4xx/Include" -I"C:/Users/jdrqu/Documents/Ingeniería Biomédica Tec/10° Semestre/Imageneología médica/Tomógrafo/STM32/Workspace/Drivers/CMSIS/Include"  -Og -g3 -Wall -fmessage-length=0 -ffunction-sections -c -fmessage-length=0 -MMD -MP -MF"Drivers/STM32F4xx_HAL_Driver/Src/stm32f4xx_hal_rcc.d" -MT"Drivers/STM32F4xx_HAL_Driver/Src/stm32f4xx_hal_rcc.o" -o "Drivers/STM32F4xx_HAL_Driver/Src/stm32f4xx_hal_rcc.o" "../Drivers/STM32F4xx_HAL_Driver/Src/stm32f4xx_hal_rcc.c"
Finished building: ../Drivers/STM32F4xx_HAL_Driver/Src/stm32f4xx_hal_rcc.c
 
Building file: ../Drivers/STM32F4xx_HAL_Driver/Src/stm32f4xx_hal_rcc_ex.c
Invoking: MCU GCC Compiler
C:\Users\jdrqu\Documents\Ingeniería Biomédica Tec\10° Semestre\Imageneología médica\Tomógrafo\STM32\Workspace\Release
arm-none-eabi-gcc -mcpu=cortex-m4 -mthumb -mfloat-abi=hard -mfpu=fpv4-sp-d16 '-D__weak=__attribute__((weak))' '-D__packed=__attribute__((__packed__))' -DUSE_HAL_DRIVER -DSTM32F407xx -I"C:/Users/jdrqu/Documents/Ingeniería Biomédica Tec/10° Semestre/Imageneología médica/Tomógrafo/STM32/Workspace/Inc" -I"C:/Users/jdrqu/Documents/Ingeniería Biomédica Tec/10° Semestre/Imageneología médica/Tomógrafo/STM32/Workspace/Drivers/STM32F4xx_HAL_Driver/Inc" -I"C:/Users/jdrqu/Documents/Ingeniería Biomédica Tec/10° Semestre/Imageneología médica/Tomógrafo/STM32/Workspace/Drivers/STM32F4xx_HAL_Driver/Inc/Legacy" -I"C:/Users/jdrqu/Documents/Ingeniería Biomédica Tec/10° Semestre/Imageneología médica/Tomógrafo/STM32/Workspace/Drivers/CMSIS/Device/ST/STM32F4xx/Include" -I"C:/Users/jdrqu/Documents/Ingeniería Biomédica Tec/10° Semestre/Imageneología médica/Tomógrafo/STM32/Workspace/Drivers/CMSIS/Include"  -Og -g3 -Wall -fmessage-length=0 -ffunction-sections -c -fmessage-length=0 -MMD -MP -MF"Drivers/STM32F4xx_HAL_Driver/Src/stm32f4xx_hal_rcc_ex.d" -MT"Drivers/STM32F4xx_HAL_Driver/Src/stm32f4xx_hal_rcc_ex.o" -o "Drivers/STM32F4xx_HAL_Driver/Src/stm32f4xx_hal_rcc_ex.o" "../Drivers/STM32F4xx_HAL_Driver/Src/stm32f4xx_hal_rcc_ex.c"
Finished building: ../Drivers/STM32F4xx_HAL_Driver/Src/stm32f4xx_hal_rcc_ex.c
 
Building file: ../Drivers/STM32F4xx_HAL_Driver/Src/stm32f4xx_hal_tim.c
Invoking: MCU GCC Compiler
C:\Users\jdrqu\Documents\Ingeniería Biomédica Tec\10° Semestre\Imageneología médica\Tomógrafo\STM32\Workspace\Release
arm-none-eabi-gcc -mcpu=cortex-m4 -mthumb -mfloat-abi=hard -mfpu=fpv4-sp-d16 '-D__weak=__attribute__((weak))' '-D__packed=__attribute__((__packed__))' -DUSE_HAL_DRIVER -DSTM32F407xx -I"C:/Users/jdrqu/Documents/Ingeniería Biomédica Tec/10° Semestre/Imageneología médica/Tomógrafo/STM32/Workspace/Inc" -I"C:/Users/jdrqu/Documents/Ingeniería Biomédica Tec/10° Semestre/Imageneología médica/Tomógrafo/STM32/Workspace/Drivers/STM32F4xx_HAL_Driver/Inc" -I"C:/Users/jdrqu/Documents/Ingeniería Biomédica Tec/10° Semestre/Imageneología médica/Tomógrafo/STM32/Workspace/Drivers/STM32F4xx_HAL_Driver/Inc/Legacy" -I"C:/Users/jdrqu/Documents/Ingeniería Biomédica Tec/10° Semestre/Imageneología médica/Tomógrafo/STM32/Workspace/Drivers/CMSIS/Device/ST/STM32F4xx/Include" -I"C:/Users/jdrqu/Documents/Ingeniería Biomédica Tec/10° Semestre/Imageneología médica/Tomógrafo/STM32/Workspace/Drivers/CMSIS/Include"  -Og -g3 -Wall -fmessage-length=0 -ffunction-sections -c -fmessage-length=0 -MMD -MP -MF"Drivers/STM32F4xx_HAL_Driver/Src/stm32f4xx_hal_tim.d" -MT"Drivers/STM32F4xx_HAL_Driver/Src/stm32f4xx_hal_tim.o" -o "Drivers/STM32F4xx_HAL_Driver/Src/stm32f4xx_hal_tim.o" "../Drivers/STM32F4xx_HAL_Driver/Src/stm32f4xx_hal_tim.c"
Finished building: ../Drivers/STM32F4xx_HAL_Driver/Src/stm32f4xx_hal_tim.c
 
Building file: ../Drivers/STM32F4xx_HAL_Driver/Src/stm32f4xx_hal_tim_ex.c
Invoking: MCU GCC Compiler
C:\Users\jdrqu\Documents\Ingeniería Biomédica Tec\10° Semestre\Imageneología médica\Tomógrafo\STM32\Workspace\Release
arm-none-eabi-gcc -mcpu=cortex-m4 -mthumb -mfloat-abi=hard -mfpu=fpv4-sp-d16 '-D__weak=__attribute__((weak))' '-D__packed=__attribute__((__packed__))' -DUSE_HAL_DRIVER -DSTM32F407xx -I"C:/Users/jdrqu/Documents/Ingeniería Biomédica Tec/10° Semestre/Imageneología médica/Tomógrafo/STM32/Workspace/Inc" -I"C:/Users/jdrqu/Documents/Ingeniería Biomédica Tec/10° Semestre/Imageneología médica/Tomógrafo/STM32/Workspace/Drivers/STM32F4xx_HAL_Driver/Inc" -I"C:/Users/jdrqu/Documents/Ingeniería Biomédica Tec/10° Semestre/Imageneología médica/Tomógrafo/STM32/Workspace/Drivers/STM32F4xx_HAL_Driver/Inc/Legacy" -I"C:/Users/jdrqu/Documents/Ingeniería Biomédica Tec/10° Semestre/Imageneología médica/Tomógrafo/STM32/Workspace/Drivers/CMSIS/Device/ST/STM32F4xx/Include" -I"C:/Users/jdrqu/Documents/Ingeniería Biomédica Tec/10° Semestre/Imageneología médica/Tomógrafo/STM32/Workspace/Drivers/CMSIS/Include"  -Og -g3 -Wall -fmessage-length=0 -ffunction-sections -c -fmessage-length=0 -MMD -MP -MF"Drivers/STM32F4xx_HAL_Driver/Src/stm32f4xx_hal_tim_ex.d" -MT"Drivers/STM32F4xx_HAL_Driver/Src/stm32f4xx_hal_tim_ex.o" -o "Drivers/STM32F4xx_HAL_Driver/Src/stm32f4xx_hal_tim_ex.o" "../Drivers/STM32F4xx_HAL_Driver/Src/stm32f4xx_hal_tim_ex.c"
Finished building: ../Drivers/STM32F4xx_HAL_Driver/Src/stm32f4xx_hal_tim_ex.c
 
Building file: ../Drivers/STM32F4xx_HAL_Driver/Src/stm32f4xx_hal_uart.c
Invoking: MCU GCC Compiler
C:\Users\jdrqu\Documents\Ingeniería Biomédica Tec\10° Semestre\Imageneología médica\Tomógrafo\STM32\Workspace\Release
arm-none-eabi-gcc -mcpu=cortex-m4 -mthumb -mfloat-abi=hard -mfpu=fpv4-sp-d16 '-D__weak=__attribute__((weak))' '-D__packed=__attribute__((__packed__))' -DUSE_HAL_DRIVER -DSTM32F407xx -I"C:/Users/jdrqu/Documents/Ingeniería Biomédica Tec/10° Semestre/Imageneología médica/Tomógrafo/STM32/Workspace/Inc" -I"C:/Users/jdrqu/Documents/Ingeniería Biomédica Tec/10° Semestre/Imageneología médica/Tomógrafo/STM32/Workspace/Drivers/STM32F4xx_HAL_Driver/Inc" -I"C:/Users/jdrqu/Documents/Ingeniería Biomédica Tec/10° Semestre/Imageneología médica/Tomógrafo/STM32/Workspace/Drivers/STM32F4xx_HAL_Driver/Inc/Legacy" -I"C:/Users/jdrqu/Documents/Ingeniería Biomédica Tec/10° Semestre/Imageneología médica/Tomógrafo/STM32/Workspace/Drivers/CMSIS/Device/ST/STM32F4xx/Include" -I"C:/Users/jdrqu/Documents/Ingeniería Biomédica Tec/10° Semestre/Imageneología médica/Tomógrafo/STM32/Workspace/Drivers/CMSIS/Include"  -Og -g3 -Wall -fmessage-length=0 -ffunction-sections -c -fmessage-length=0 -MMD -MP -MF"Drivers/STM32F4xx_HAL_Driver/Src/stm32f4xx_hal_uart.d" -MT"Drivers/STM32F4xx_HAL_Driver/Src/stm32f4xx_hal_uart.o" -o "Drivers/STM32F4xx_HAL_Driver/Src/stm32f4xx_hal_uart.o" "../Drivers/STM32F4xx_HAL_Driver/Src/stm32f4xx_hal_uart.c"
Finished building: ../Drivers/STM32F4xx_HAL_Driver/Src/stm32f4xx_hal_uart.c
 
Building target: Workspace.elf
Invoking: MCU GCC Linker
arm-none-eabi-gcc -mcpu=cortex-m4 -mthumb -mfloat-abi=hard -mfpu=fpv4-sp-d16 -specs=nosys.specs -specs=nano.specs -T"../STM32F407VGTx_FLASH.ld" -Wl,-Map=output.map -Wl,--gc-sections -o "Workspace.elf" @"objects.list"   -lm
Finished building target: Workspace.elf
 
make --no-print-directory post-build
Generating binary and Printing size information:
arm-none-eabi-objcopy -O binary "Workspace.elf" "Workspace.bin"
arm-none-eabi-size "Workspace.elf"
   text	   data	    bss	    dec	    hex	filename
  17168	    124	   1852	  19144	   4ac8	Workspace.elf
 
17:59:56 **** Incremental Build of configuration Debug for project Workspace ****
make all 
make: Nothing to be done for 'all'.
